// Jest Snapshot v1, https://goo.gl/fbAQLP

exports[`@useFormik returns initial state 1`] = `
Object {
  "errors": Object {},
  "handleBlur": [Function],
  "handleChange": [Function],
  "handleSubmit": [Function],
  "touched": Object {},
  "values": Object {
    "email": "",
    "password": "",
  },
}
`;
